11:12:22 **** Incremental Build of configuration Debug for project can_demo1 ****
make -j8 all 
arm-none-eabi-gcc "../Core/Src/main.c" -mcpu=cortex-m4 -std=gnu11 -g3 -DDEBUG -DUSE_HAL_DRIVER -DSTM32F446xx -c -I../Core/Inc -I../Drivers/STM32F4xx_HAL_Driver/Inc -I../Drivers/STM32F4xx_HAL_Driver/Inc/Legacy -I../Drivers/CMSIS/Device/ST/STM32F4xx/Include -I../Drivers/CMSIS/Include -O0 -ffunction-sections -fdata-sections -Wall -fstack-usage -fcyclomatic-complexity -MMD -MP -MF"Core/Src/main.d" -MT"Core/Src/main.o" --specs=nano.specs -mfpu=fpv4-sp-d16 -mfloat-abi=hard -mthumb -o "Core/Src/main.o"
../Core/Src/main.c: In function 'HAL_CAN_RxFifo0MsgPendingCallback':
../Core/Src/main.c:81:24: warning: implicit declaration of function 'sprintf' [-Wimplicit-function-declaration]
   81 |                 len += sprintf(&hexBuffer[len], "%02X ", RxData[i]);
      |                        ^~~~~~~
../Core/Src/main.c:21:1: note: include '<stdio.h>' or provide a declaration of 'sprintf'
   20 | #include "main.h"
  +++ |+#include <stdio.h>
   21 | 
../Core/Src/main.c:81:24: warning: incompatible implicit declaration of built-in function 'sprintf' [-Wbuiltin-declaration-mismatch]
   81 |                 len += sprintf(&hexBuffer[len], "%02X ", RxData[i]);
      |                        ^~~~~~~
../Core/Src/main.c:81:24: note: include '<stdio.h>' or provide a declaration of 'sprintf'
arm-none-eabi-gcc -o "can_demo1.elf" @"objects.list"   -mcpu=cortex-m4 -T"C:\Users\mrspa\Documents\RoboFest\demo files\CAN\can_demo1\STM32F446RETX_FLASH.ld" --specs=nosys.specs -Wl,-Map="can_demo1.map" -Wl,--gc-sections -static --specs=nano.specs -mfpu=fpv4-sp-d16 -mfloat-abi=hard -mthumb -Wl,--start-group -lc -lm -Wl,--end-group
Finished building target: can_demo1.elf
 
arm-none-eabi-size  can_demo1.elf 
arm-none-eabi-objdump -h -S can_demo1.elf  > "can_demo1.list"
   text	   data	    bss	    dec	    hex	filename
  15888	     92	   2084	  18064	   4690	can_demo1.elf
Finished building: default.size.stdout
 
Finished building: can_demo1.list
 

11:12:23 Build Finished. 0 errors, 2 warnings. (took 1s.263ms)

