13:25:19 **** Incremental Build of configuration Debug for project gps_sttm ****
make -j8 all 
arm-none-eabi-gcc "../Core/Src/main.c" -mcpu=cortex-m4 -std=gnu11 -g3 -DDEBUG -DUSE_NUCLEO_64 -DUSE_HAL_DRIVER -DSTM32G431xx -c -I../Core/Inc -I../Drivers/STM32G4xx_HAL_Driver/Inc -I../Drivers/STM32G4xx_HAL_Driver/Inc/Legacy -I../Drivers/BSP/STM32G4xx_Nucleo -I../Drivers/CMSIS/Device/ST/STM32G4xx/Include -I../Drivers/CMSIS/Include -O0 -ffunction-sections -fdata-sections -Wall -fstack-usage -fcyclomatic-complexity -MMD -MP -MF"Core/Src/main.d" -MT"Core/Src/main.o" --specs=nano.specs -mfpu=fpv4-sp-d16 -mfloat-abi=hard -mthumb -o "Core/Src/main.o"
arm-none-eabi-gcc -o "gps_sttm.elf" @"objects.list"   -mcpu=cortex-m4 -T"C:\Users\mrspa\Documents\RoboFest\demo files\GPS\gps_sttm\STM32G431KBTX_FLASH.ld" --specs=nosys.specs -Wl,-Map="gps_sttm.map" -Wl,--gc-sections -static --specs=nano.specs -mfpu=fpv4-sp-d16 -mfloat-abi=hard -mthumb -Wl,--start-group -lc -lm -Wl,--end-group
Finished building target: gps_sttm.elf
 
arm-none-eabi-size  gps_sttm.elf 
arm-none-eabi-objdump -h -S gps_sttm.elf  > "gps_sttm.list"
   text	   data	    bss	    dec	    hex	filename
  19188	     16	   2496	  21700	   54c4	gps_sttm.elf
Finished building: default.size.stdout
 
Finished building: gps_sttm.list
 

13:25:19 Build Finished. 0 errors, 0 warnings. (took 712ms)

