16:09:45 **** Incremental Build of configuration Debug for project lora_stmg431 ****
make -j8 all 
arm-none-eabi-gcc "../Core/Src/main.c" -mcpu=cortex-m4 -std=gnu11 -g3 -DDEBUG -DUSE_HAL_DRIVER -DSTM32G431xx -c -I../Core/Inc -I../Drivers/STM32G4xx_HAL_Driver/Inc -I../Drivers/STM32G4xx_HAL_Driver/Inc/Legacy -I../Drivers/CMSIS/Device/ST/STM32G4xx/Include -I../Drivers/CMSIS/Include -O0 -ffunction-sections -fdata-sections -Wall -fstack-usage -fcyclomatic-complexity -MMD -MP -MF"Core/Src/main.d" -MT"Core/Src/main.o" --specs=nano.specs -mfpu=fpv4-sp-d16 -mfloat-abi=hard -mthumb -o "Core/Src/main.o"
../Core/Src/main.c: In function 'main':
../Core/Src/main.c:146:45: warning: implicit declaration of function 'strlen' [-Wimplicit-function-declaration]
  146 |           HAL_UART_Transmit(&huart2, "HII", strlen("HII"), HAL_MAX_DELAY);
      |                                             ^~~~~~
../Core/Src/main.c:21:1: note: include '<string.h>' or provide a declaration of 'strlen'
   20 | #include "main.h"
  +++ |+#include <string.h>
   21 | 
../Core/Src/main.c:146:45: warning: incompatible implicit declaration of built-in function 'strlen' [-Wbuiltin-declaration-mismatch]
  146 |           HAL_UART_Transmit(&huart2, "HII", strlen("HII"), HAL_MAX_DELAY);
      |                                             ^~~~~~
../Core/Src/main.c:146:45: note: include '<string.h>' or provide a declaration of 'strlen'
../Core/Src/main.c:146:38: warning: pointer targets in passing argument 2 of 'HAL_UART_Transmit' differ in signedness [-Wpointer-sign]
  146 |           HAL_UART_Transmit(&huart2, "HII", strlen("HII"), HAL_MAX_DELAY);
      |                                      ^~~~~
      |                                      |
      |                                      char *
In file included from ../Core/Inc/stm32g4xx_hal_conf.h:348,
                 from ../Drivers/STM32G4xx_HAL_Driver/Inc/stm32g4xx_hal.h:29,
                 from ../Core/Inc/main.h:30,
                 from ../Core/Src/main.c:20:
../Drivers/STM32G4xx_HAL_Driver/Inc/stm32g4xx_hal_uart.h:1633:79: note: expected 'const uint8_t *' {aka 'const unsigned char *'} but argument is of type 'char *'
 1633 | HAL_StatusTypeDef HAL_UART_Transmit(UART_HandleTypeDef *huart, const uint8_t *pData, uint16_t Size, uint32_t Timeout);
      |                                                                ~~~~~~~~~~~~~~~^~~~~
arm-none-eabi-gcc -o "lora_stmg431.elf" @"objects.list"   -mcpu=cortex-m4 -T"C:\Users\mrspa\Documents\RoboFest\demo files\LORA\lora_stmg431\STM32G431KBTX_FLASH.ld" --specs=nosys.specs -Wl,-Map="lora_stmg431.map" -Wl,--gc-sections -static --specs=nano.specs -mfpu=fpv4-sp-d16 -mfloat-abi=hard -mthumb -Wl,--start-group -lc -lm -Wl,--end-group
Finished building target: lora_stmg431.elf
 
arm-none-eabi-size  lora_stmg431.elf 
arm-none-eabi-objdump -h -S lora_stmg431.elf  > "lora_stmg431.list"
   text	   data	    bss	    dec	    hex	filename
  12104	     12	   1820	  13936	   3670	lora_stmg431.elf
Finished building: default.size.stdout
 
Finished building: lora_stmg431.list
 

16:09:50 Build Finished. 0 errors, 3 warnings. (took 4s.892ms)

