11:20:08 **** Incremental Build of configuration Debug for project motor ****
make -j8 all 
arm-none-eabi-gcc "C:/Users/mrspa/Documents/motor/Src/aspep.c" -mcpu=cortex-m4 -std=gnu11 -g3 -DDEBUG -DARM_MATH_CM4 -DUSE_HAL_DRIVER -DSTM32G431xx -c -I../../Inc -I../../Drivers/STM32G4xx_HAL_Driver/Inc -I../../Drivers/STM32G4xx_HAL_Driver/Inc/Legacy -I../../MCSDK_v6.3.2-Full/MotorControl/MCSDK/MCLib/Any/Inc -I../../MCSDK_v6.3.2-Full/MotorControl/MCSDK/MCLib/G4xx/Inc -I../../Drivers/CMSIS/Device/ST/STM32G4xx/Include -I../../Drivers/CMSIS/Include -I../../Drivers/CMSIS/DSP/Include -Ofast -ffunction-sections -fdata-sections -Wall -fstack-usage -fcyclomatic-complexity -MMD -MP -MF"Application/User/aspep.d" -MT"Application/User/aspep.o" --specs=nano.specs -mfpu=fpv4-sp-d16 -mfloat-abi=hard -mthumb -o "Application/User/aspep.o"
arm-none-eabi-gcc "C:/Users/mrspa/Documents/motor/Src/main.c" -mcpu=cortex-m4 -std=gnu11 -g3 -DDEBUG -DARM_MATH_CM4 -DUSE_HAL_DRIVER -DSTM32G431xx -c -I../../Inc -I../../Drivers/STM32G4xx_HAL_Driver/Inc -I../../Drivers/STM32G4xx_HAL_Driver/Inc/Legacy -I../../MCSDK_v6.3.2-Full/MotorControl/MCSDK/MCLib/Any/Inc -I../../MCSDK_v6.3.2-Full/MotorControl/MCSDK/MCLib/G4xx/Inc -I../../Drivers/CMSIS/Device/ST/STM32G4xx/Include -I../../Drivers/CMSIS/Include -I../../Drivers/CMSIS/DSP/Include -Ofast -ffunction-sections -fdata-sections -Wall -fstack-usage -fcyclomatic-complexity -MMD -MP -MF"Application/User/main.d" -MT"Application/User/main.o" --specs=nano.specs -mfpu=fpv4-sp-d16 -mfloat-abi=hard -mthumb -o "Application/User/main.o"
arm-none-eabi-gcc "C:/Users/mrspa/Documents/motor/Src/mc_api.c" -mcpu=cortex-m4 -std=gnu11 -g3 -DDEBUG -DARM_MATH_CM4 -DUSE_HAL_DRIVER -DSTM32G431xx -c -I../../Inc -I../../Drivers/STM32G4xx_HAL_Driver/Inc -I../../Drivers/STM32G4xx_HAL_Driver/Inc/Legacy -I../../MCSDK_v6.3.2-Full/MotorControl/MCSDK/MCLib/Any/Inc -I../../MCSDK_v6.3.2-Full/MotorControl/MCSDK/MCLib/G4xx/Inc -I../../Drivers/CMSIS/Device/ST/STM32G4xx/Include -I../../Drivers/CMSIS/Include -I../../Drivers/CMSIS/DSP/Include -Ofast -ffunction-sections -fdata-sections -Wall -fstack-usage -fcyclomatic-complexity -MMD -MP -MF"Application/User/mc_api.d" -MT"Application/User/mc_api.o" --specs=nano.specs -mfpu=fpv4-sp-d16 -mfloat-abi=hard -mthumb -o "Application/User/mc_api.o"
arm-none-eabi-gcc "C:/Users/mrspa/Documents/motor/Src/mc_app_hooks.c" -mcpu=cortex-m4 -std=gnu11 -g3 -DDEBUG -DARM_MATH_CM4 -DUSE_HAL_DRIVER -DSTM32G431xx -c -I../../Inc -I../../Drivers/STM32G4xx_HAL_Driver/Inc -I../../Drivers/STM32G4xx_HAL_Driver/Inc/Legacy -I../../MCSDK_v6.3.2-Full/MotorControl/MCSDK/MCLib/Any/Inc -I../../MCSDK_v6.3.2-Full/MotorControl/MCSDK/MCLib/G4xx/Inc -I../../Drivers/CMSIS/Device/ST/STM32G4xx/Include -I../../Drivers/CMSIS/Include -I../../Drivers/CMSIS/DSP/Include -Ofast -ffunction-sections -fdata-sections -Wall -fstack-usage -fcyclomatic-complexity -MMD -MP -MF"Application/User/mc_app_hooks.d" -MT"Application/User/mc_app_hooks.o" --specs=nano.specs -mfpu=fpv4-sp-d16 -mfloat-abi=hard -mthumb -o "Application/User/mc_app_hooks.o"
arm-none-eabi-gcc "C:/Users/mrspa/Documents/motor/Src/mc_config.c" -mcpu=cortex-m4 -std=gnu11 -g3 -DDEBUG -DARM_MATH_CM4 -DUSE_HAL_DRIVER -DSTM32G431xx -c -I../../Inc -I../../Drivers/STM32G4xx_HAL_Driver/Inc -I../../Drivers/STM32G4xx_HAL_Driver/Inc/Legacy -I../../MCSDK_v6.3.2-Full/MotorControl/MCSDK/MCLib/Any/Inc -I../../MCSDK_v6.3.2-Full/MotorControl/MCSDK/MCLib/G4xx/Inc -I../../Drivers/CMSIS/Device/ST/STM32G4xx/Include -I../../Drivers/CMSIS/Include -I../../Drivers/CMSIS/DSP/Include -Ofast -ffunction-sections -fdata-sections -Wall -fstack-usage -fcyclomatic-complexity -MMD -MP -MF"Application/User/mc_config.d" -MT"Application/User/mc_config.o" --specs=nano.specs -mfpu=fpv4-sp-d16 -mfloat-abi=hard -mthumb -o "Application/User/mc_config.o"
arm-none-eabi-gcc "C:/Users/mrspa/Documents/motor/Src/mc_config_common.c" -mcpu=cortex-m4 -std=gnu11 -g3 -DDEBUG -DARM_MATH_CM4 -DUSE_HAL_DRIVER -DSTM32G431xx -c -I../../Inc -I../../Drivers/STM32G4xx_HAL_Driver/Inc -I../../Drivers/STM32G4xx_HAL_Driver/Inc/Legacy -I../../MCSDK_v6.3.2-Full/MotorControl/MCSDK/MCLib/Any/Inc -I../../MCSDK_v6.3.2-Full/MotorControl/MCSDK/MCLib/G4xx/Inc -I../../Drivers/CMSIS/Device/ST/STM32G4xx/Include -I../../Drivers/CMSIS/Include -I../../Drivers/CMSIS/DSP/Include -Ofast -ffunction-sections -fdata-sections -Wall -fstack-usage -fcyclomatic-complexity -MMD -MP -MF"Application/User/mc_config_common.d" -MT"Application/User/mc_config_common.o" --specs=nano.specs -mfpu=fpv4-sp-d16 -mfloat-abi=hard -mthumb -o "Application/User/mc_config_common.o"
arm-none-eabi-gcc "C:/Users/mrspa/Documents/motor/Src/mc_configuration_registers.c" -mcpu=cortex-m4 -std=gnu11 -g3 -DDEBUG -DARM_MATH_CM4 -DUSE_HAL_DRIVER -DSTM32G431xx -c -I../../Inc -I../../Drivers/STM32G4xx_HAL_Driver/Inc -I../../Drivers/STM32G4xx_HAL_Driver/Inc/Legacy -I../../MCSDK_v6.3.2-Full/MotorControl/MCSDK/MCLib/Any/Inc -I../../MCSDK_v6.3.2-Full/MotorControl/MCSDK/MCLib/G4xx/Inc -I../../Drivers/CMSIS/Device/ST/STM32G4xx/Include -I../../Drivers/CMSIS/Include -I../../Drivers/CMSIS/DSP/Include -Ofast -ffunction-sections -fdata-sections -Wall -fstack-usage -fcyclomatic-complexity -MMD -MP -MF"Application/User/mc_configuration_registers.d" -MT"Application/User/mc_configuration_registers.o" --specs=nano.specs -mfpu=fpv4-sp-d16 -mfloat-abi=hard -mthumb -o "Application/User/mc_configuration_registers.o"
arm-none-eabi-gcc "C:/Users/mrspa/Documents/motor/Src/mc_interface.c" -mcpu=cortex-m4 -std=gnu11 -g3 -DDEBUG -DARM_MATH_CM4 -DUSE_HAL_DRIVER -DSTM32G431xx -c -I../../Inc -I../../Drivers/STM32G4xx_HAL_Driver/Inc -I../../Drivers/STM32G4xx_HAL_Driver/Inc/Legacy -I../../MCSDK_v6.3.2-Full/MotorControl/MCSDK/MCLib/Any/Inc -I../../MCSDK_v6.3.2-Full/MotorControl/MCSDK/MCLib/G4xx/Inc -I../../Drivers/CMSIS/Device/ST/STM32G4xx/Include -I../../Drivers/CMSIS/Include -I../../Drivers/CMSIS/DSP/Include -Ofast -ffunction-sections -fdata-sections -Wall -fstack-usage -fcyclomatic-complexity -MMD -MP -MF"Application/User/mc_interface.d" -MT"Application/User/mc_interface.o" --specs=nano.specs -mfpu=fpv4-sp-d16 -mfloat-abi=hard -mthumb -o "Application/User/mc_interface.o"
arm-none-eabi-gcc "C:/Users/mrspa/Documents/motor/Src/mc_parameters.c" -mcpu=cortex-m4 -std=gnu11 -g3 -DDEBUG -DARM_MATH_CM4 -DUSE_HAL_DRIVER -DSTM32G431xx -c -I../../Inc -I../../Drivers/STM32G4xx_HAL_Driver/Inc -I../../Drivers/STM32G4xx_HAL_Driver/Inc/Legacy -I../../MCSDK_v6.3.2-Full/MotorControl/MCSDK/MCLib/Any/Inc -I../../MCSDK_v6.3.2-Full/MotorControl/MCSDK/MCLib/G4xx/Inc -I../../Drivers/CMSIS/Device/ST/STM32G4xx/Include -I../../Drivers/CMSIS/Include -I../../Drivers/CMSIS/DSP/Include -Ofast -ffunction-sections -fdata-sections -Wall -fstack-usage -fcyclomatic-complexity -MMD -MP -MF"Application/User/mc_parameters.d" -MT"Application/User/mc_parameters.o" --specs=nano.specs -mfpu=fpv4-sp-d16 -mfloat-abi=hard -mthumb -o "Application/User/mc_parameters.o"
arm-none-eabi-gcc "C:/Users/mrspa/Documents/motor/Src/mc_perf.c" -mcpu=cortex-m4 -std=gnu11 -g3 -DDEBUG -DARM_MATH_CM4 -DUSE_HAL_DRIVER -DSTM32G431xx -c -I../../Inc -I../../Drivers/STM32G4xx_HAL_Driver/Inc -I../../Drivers/STM32G4xx_HAL_Driver/Inc/Legacy -I../../MCSDK_v6.3.2-Full/MotorControl/MCSDK/MCLib/Any/Inc -I../../MCSDK_v6.3.2-Full/MotorControl/MCSDK/MCLib/G4xx/Inc -I../../Drivers/CMSIS/Device/ST/STM32G4xx/Include -I../../Drivers/CMSIS/Include -I../../Drivers/CMSIS/DSP/Include -Ofast -ffunction-sections -fdata-sections -Wall -fstack-usage -fcyclomatic-complexity -MMD -MP -MF"Application/User/mc_perf.d" -MT"Application/User/mc_perf.o" --specs=nano.specs -mfpu=fpv4-sp-d16 -mfloat-abi=hard -mthumb -o "Application/User/mc_perf.o"
arm-none-eabi-gcc "C:/Users/mrspa/Documents/motor/Src/mc_tasks.c" -mcpu=cortex-m4 -std=gnu11 -g3 -DDEBUG -DARM_MATH_CM4 -DUSE_HAL_DRIVER -DSTM32G431xx -c -I../../Inc -I../../Drivers/STM32G4xx_HAL_Driver/Inc -I../../Drivers/STM32G4xx_HAL_Driver/Inc/Legacy -I../../MCSDK_v6.3.2-Full/MotorControl/MCSDK/MCLib/Any/Inc -I../../MCSDK_v6.3.2-Full/MotorControl/MCSDK/MCLib/G4xx/Inc -I../../Drivers/CMSIS/Device/ST/STM32G4xx/Include -I../../Drivers/CMSIS/Include -I../../Drivers/CMSIS/DSP/Include -Ofast -ffunction-sections -fdata-sections -Wall -fstack-usage -fcyclomatic-complexity -MMD -MP -MF"Application/User/mc_tasks.d" -MT"Application/User/mc_tasks.o" --specs=nano.specs -mfpu=fpv4-sp-d16 -mfloat-abi=hard -mthumb -o "Application/User/mc_tasks.o"
arm-none-eabi-gcc "C:/Users/mrspa/Documents/motor/Src/mc_tasks_foc.c" -mcpu=cortex-m4 -std=gnu11 -g3 -DDEBUG -DARM_MATH_CM4 -DUSE_HAL_DRIVER -DSTM32G431xx -c -I../../Inc -I../../Drivers/STM32G4xx_HAL_Driver/Inc -I../../Drivers/STM32G4xx_HAL_Driver/Inc/Legacy -I../../MCSDK_v6.3.2-Full/MotorControl/MCSDK/MCLib/Any/Inc -I../../MCSDK_v6.3.2-Full/MotorControl/MCSDK/MCLib/G4xx/Inc -I../../Drivers/CMSIS/Device/ST/STM32G4xx/Include -I../../Drivers/CMSIS/Include -I../../Drivers/CMSIS/DSP/Include -Ofast -ffunction-sections -fdata-sections -Wall -fstack-usage -fcyclomatic-complexity -MMD -MP -MF"Application/User/mc_tasks_foc.d" -MT"Application/User/mc_tasks_foc.o" --specs=nano.specs -mfpu=fpv4-sp-d16 -mfloat-abi=hard -mthumb -o "Application/User/mc_tasks_foc.o"
arm-none-eabi-gcc "C:/Users/mrspa/Documents/motor/Src/mcp.c" -mcpu=cortex-m4 -std=gnu11 -g3 -DDEBUG -DARM_MATH_CM4 -DUSE_HAL_DRIVER -DSTM32G431xx -c -I../../Inc -I../../Drivers/STM32G4xx_HAL_Driver/Inc -I../../Drivers/STM32G4xx_HAL_Driver/Inc/Legacy -I../../MCSDK_v6.3.2-Full/MotorControl/MCSDK/MCLib/Any/Inc -I../../MCSDK_v6.3.2-Full/MotorControl/MCSDK/MCLib/G4xx/Inc -I../../Drivers/CMSIS/Device/ST/STM32G4xx/Include -I../../Drivers/CMSIS/Include -I../../Drivers/CMSIS/DSP/Include -Ofast -ffunction-sections -fdata-sections -Wall -fstack-usage -fcyclomatic-complexity -MMD -MP -MF"Application/User/mcp.d" -MT"Application/User/mcp.o" --specs=nano.specs -mfpu=fpv4-sp-d16 -mfloat-abi=hard -mthumb -o "Application/User/mcp.o"
arm-none-eabi-gcc "C:/Users/mrspa/Documents/motor/Src/mcp_config.c" -mcpu=cortex-m4 -std=gnu11 -g3 -DDEBUG -DARM_MATH_CM4 -DUSE_HAL_DRIVER -DSTM32G431xx -c -I../../Inc -I../../Drivers/STM32G4xx_HAL_Driver/Inc -I../../Drivers/STM32G4xx_HAL_Driver/Inc/Legacy -I../../MCSDK_v6.3.2-Full/MotorControl/MCSDK/MCLib/Any/Inc -I../../MCSDK_v6.3.2-Full/MotorControl/MCSDK/MCLib/G4xx/Inc -I../../Drivers/CMSIS/Device/ST/STM32G4xx/Include -I../../Drivers/CMSIS/Include -I../../Drivers/CMSIS/DSP/Include -Ofast -ffunction-sections -fdata-sections -Wall -fstack-usage -fcyclomatic-complexity -MMD -MP -MF"Application/User/mcp_config.d" -MT"Application/User/mcp_config.o" --specs=nano.specs -mfpu=fpv4-sp-d16 -mfloat-abi=hard -mthumb -o "Application/User/mcp_config.o"
arm-none-eabi-gcc "C:/Users/mrspa/Documents/motor/Src/motorcontrol.c" -mcpu=cortex-m4 -std=gnu11 -g3 -DDEBUG -DARM_MATH_CM4 -DUSE_HAL_DRIVER -DSTM32G431xx -c -I../../Inc -I../../Drivers/STM32G4xx_HAL_Driver/Inc -I../../Drivers/STM32G4xx_HAL_Driver/Inc/Legacy -I../../MCSDK_v6.3.2-Full/MotorControl/MCSDK/MCLib/Any/Inc -I../../MCSDK_v6.3.2-Full/MotorControl/MCSDK/MCLib/G4xx/Inc -I../../Drivers/CMSIS/Device/ST/STM32G4xx/Include -I../../Drivers/CMSIS/Include -I../../Drivers/CMSIS/DSP/Include -Ofast -ffunction-sections -fdata-sections -Wall -fstack-usage -fcyclomatic-complexity -MMD -MP -MF"Application/User/motorcontrol.d" -MT"Application/User/motorcontrol.o" --specs=nano.specs -mfpu=fpv4-sp-d16 -mfloat-abi=hard -mthumb -o "Application/User/motorcontrol.o"
arm-none-eabi-gcc "C:/Users/mrspa/Documents/motor/Src/register_interface.c" -mcpu=cortex-m4 -std=gnu11 -g3 -DDEBUG -DARM_MATH_CM4 -DUSE_HAL_DRIVER -DSTM32G431xx -c -I../../Inc -I../../Drivers/STM32G4xx_HAL_Driver/Inc -I../../Drivers/STM32G4xx_HAL_Driver/Inc/Legacy -I../../MCSDK_v6.3.2-Full/MotorControl/MCSDK/MCLib/Any/Inc -I../../MCSDK_v6.3.2-Full/MotorControl/MCSDK/MCLib/G4xx/Inc -I../../Drivers/CMSIS/Device/ST/STM32G4xx/Include -I../../Drivers/CMSIS/Include -I../../Drivers/CMSIS/DSP/Include -Ofast -ffunction-sections -fdata-sections -Wall -fstack-usage -fcyclomatic-complexity -MMD -MP -MF"Application/User/register_interface.d" -MT"Application/User/register_interface.o" --specs=nano.specs -mfpu=fpv4-sp-d16 -mfloat-abi=hard -mthumb -o "Application/User/register_interface.o"
arm-none-eabi-gcc "C:/Users/mrspa/Documents/motor/Src/regular_conversion_manager.c" -mcpu=cortex-m4 -std=gnu11 -g3 -DDEBUG -DARM_MATH_CM4 -DUSE_HAL_DRIVER -DSTM32G431xx -c -I../../Inc -I../../Drivers/STM32G4xx_HAL_Driver/Inc -I../../Drivers/STM32G4xx_HAL_Driver/Inc/Legacy -I../../MCSDK_v6.3.2-Full/MotorControl/MCSDK/MCLib/Any/Inc -I../../MCSDK_v6.3.2-Full/MotorControl/MCSDK/MCLib/G4xx/Inc -I../../Drivers/CMSIS/Device/ST/STM32G4xx/Include -I../../Drivers/CMSIS/Include -I../../Drivers/CMSIS/DSP/Include -Ofast -ffunction-sections -fdata-sections -Wall -fstack-usage -fcyclomatic-complexity -MMD -MP -MF"Application/User/regular_conversion_manager.d" -MT"Application/User/regular_conversion_manager.o" --specs=nano.specs -mfpu=fpv4-sp-d16 -mfloat-abi=hard -mthumb -o "Application/User/regular_conversion_manager.o"
arm-none-eabi-gcc "C:/Users/mrspa/Documents/motor/Src/stm32_mc_common_it.c" -mcpu=cortex-m4 -std=gnu11 -g3 -DDEBUG -DARM_MATH_CM4 -DUSE_HAL_DRIVER -DSTM32G431xx -c -I../../Inc -I../../Drivers/STM32G4xx_HAL_Driver/Inc -I../../Drivers/STM32G4xx_HAL_Driver/Inc/Legacy -I../../MCSDK_v6.3.2-Full/MotorControl/MCSDK/MCLib/Any/Inc -I../../MCSDK_v6.3.2-Full/MotorControl/MCSDK/MCLib/G4xx/Inc -I../../Drivers/CMSIS/Device/ST/STM32G4xx/Include -I../../Drivers/CMSIS/Include -I../../Drivers/CMSIS/DSP/Include -Ofast -ffunction-sections -fdata-sections -Wall -fstack-usage -fcyclomatic-complexity -MMD -MP -MF"Application/User/stm32_mc_common_it.d" -MT"Application/User/stm32_mc_common_it.o" --specs=nano.specs -mfpu=fpv4-sp-d16 -mfloat-abi=hard -mthumb -o "Application/User/stm32_mc_common_it.o"
arm-none-eabi-gcc "C:/Users/mrspa/Documents/motor/Src/stm32g4xx_hal_msp.c" -mcpu=cortex-m4 -std=gnu11 -g3 -DDEBUG -DARM_MATH_CM4 -DUSE_HAL_DRIVER -DSTM32G431xx -c -I../../Inc -I../../Drivers/STM32G4xx_HAL_Driver/Inc -I../../Drivers/STM32G4xx_HAL_Driver/Inc/Legacy -I../../MCSDK_v6.3.2-Full/MotorControl/MCSDK/MCLib/Any/Inc -I../../MCSDK_v6.3.2-Full/MotorControl/MCSDK/MCLib/G4xx/Inc -I../../Drivers/CMSIS/Device/ST/STM32G4xx/Include -I../../Drivers/CMSIS/Include -I../../Drivers/CMSIS/DSP/Include -Ofast -ffunction-sections -fdata-sections -Wall -fstack-usage -fcyclomatic-complexity -MMD -MP -MF"Application/User/stm32g4xx_hal_msp.d" -MT"Application/User/stm32g4xx_hal_msp.o" --specs=nano.specs -mfpu=fpv4-sp-d16 -mfloat-abi=hard -mthumb -o "Application/User/stm32g4xx_hal_msp.o"
arm-none-eabi-gcc "C:/Users/mrspa/Documents/motor/Src/stm32g4xx_it.c" -mcpu=cortex-m4 -std=gnu11 -g3 -DDEBUG -DARM_MATH_CM4 -DUSE_HAL_DRIVER -DSTM32G431xx -c -I../../Inc -I../../Drivers/STM32G4xx_HAL_Driver/Inc -I../../Drivers/STM32G4xx_HAL_Driver/Inc/Legacy -I../../MCSDK_v6.3.2-Full/MotorControl/MCSDK/MCLib/Any/Inc -I../../MCSDK_v6.3.2-Full/MotorControl/MCSDK/MCLib/G4xx/Inc -I../../Drivers/CMSIS/Device/ST/STM32G4xx/Include -I../../Drivers/CMSIS/Include -I../../Drivers/CMSIS/DSP/Include -Ofast -ffunction-sections -fdata-sections -Wall -fstack-usage -fcyclomatic-complexity -MMD -MP -MF"Application/User/stm32g4xx_it.d" -MT"Application/User/stm32g4xx_it.o" --specs=nano.specs -mfpu=fpv4-sp-d16 -mfloat-abi=hard -mthumb -o "Application/User/stm32g4xx_it.o"
arm-none-eabi-gcc "C:/Users/mrspa/Documents/motor/Src/stm32g4xx_mc_it.c" -mcpu=cortex-m4 -std=gnu11 -g3 -DDEBUG -DARM_MATH_CM4 -DUSE_HAL_DRIVER -DSTM32G431xx -c -I../../Inc -I../../Drivers/STM32G4xx_HAL_Driver/Inc -I../../Drivers/STM32G4xx_HAL_Driver/Inc/Legacy -I../../MCSDK_v6.3.2-Full/MotorControl/MCSDK/MCLib/Any/Inc -I../../MCSDK_v6.3.2-Full/MotorControl/MCSDK/MCLib/G4xx/Inc -I../../Drivers/CMSIS/Device/ST/STM32G4xx/Include -I../../Drivers/CMSIS/Include -I../../Drivers/CMSIS/DSP/Include -Ofast -ffunction-sections -fdata-sections -Wall -fstack-usage -fcyclomatic-complexity -MMD -MP -MF"Application/User/stm32g4xx_mc_it.d" -MT"Application/User/stm32g4xx_mc_it.o" --specs=nano.specs -mfpu=fpv4-sp-d16 -mfloat-abi=hard -mthumb -o "Application/User/stm32g4xx_mc_it.o"
arm-none-eabi-gcc "C:/Users/mrspa/Documents/motor/Src/usart_aspep_driver.c" -mcpu=cortex-m4 -std=gnu11 -g3 -DDEBUG -DARM_MATH_CM4 -DUSE_HAL_DRIVER -DSTM32G431xx -c -I../../Inc -I../../Drivers/STM32G4xx_HAL_Driver/Inc -I../../Drivers/STM32G4xx_HAL_Driver/Inc/Legacy -I../../MCSDK_v6.3.2-Full/MotorControl/MCSDK/MCLib/Any/Inc -I../../MCSDK_v6.3.2-Full/MotorControl/MCSDK/MCLib/G4xx/Inc -I../../Drivers/CMSIS/Device/ST/STM32G4xx/Include -I../../Drivers/CMSIS/Include -I../../Drivers/CMSIS/DSP/Include -Ofast -ffunction-sections -fdata-sections -Wall -fstack-usage -fcyclomatic-complexity -MMD -MP -MF"Application/User/usart_aspep_driver.d" -MT"Application/User/usart_aspep_driver.o" --specs=nano.specs -mfpu=fpv4-sp-d16 -mfloat-abi=hard -mthumb -o "Application/User/usart_aspep_driver.o"
arm-none-eabi-gcc -o "motor.elf" @"objects.list"   -mcpu=cortex-m4 -T"C:\Users\mrspa\Documents\motor\STM32CubeIDE\STM32G431CBUX_FLASH.ld" --specs=nosys.specs -Wl,-Map="motor.map" -Wl,--gc-sections -static --specs=nano.specs -mfpu=fpv4-sp-d16 -mfloat-abi=hard -mthumb -Wl,--start-group -lc -lm -Wl,--end-group
Finished building target: motor.elf
 
arm-none-eabi-size  motor.elf 
arm-none-eabi-objdump -h -S motor.elf  > "motor.list"
   text	   data	    bss	    dec	    hex	filename
  40228	   1324	   7500	  49052	   bf9c	motor.elf
Finished building: default.size.stdout
 
Finished building: motor.list
 

11:20:19 Build Finished. 0 errors, 0 warnings. (took 11s.414ms)

