14:25:29 **** Incremental Build of configuration Debug for project stm_gps_dma ****
make -j8 all 
arm-none-eabi-gcc "../Core/Src/main.c" -mcpu=cortex-m4 -std=gnu11 -g3 -DDEBUG -DUSE_NUCLEO_64 -DUSE_HAL_DRIVER -DSTM32G431xx -c -I../Core/Inc -I../Drivers/STM32G4xx_HAL_Driver/Inc -I../Drivers/STM32G4xx_HAL_Driver/Inc/Legacy -I../Drivers/BSP/STM32G4xx_Nucleo -I../Drivers/CMSIS/Device/ST/STM32G4xx/Include -I../Drivers/CMSIS/Include -O0 -ffunction-sections -fdata-sections -Wall -fstack-usage -fcyclomatic-complexity -MMD -MP -MF"Core/Src/main.d" -MT"Core/Src/main.o" --specs=nano.specs -mfpu=fpv4-sp-d16 -mfloat-abi=hard -mthumb -o "Core/Src/main.o"
arm-none-eabi-gcc -o "stm_gps_dma.elf" @"objects.list"   -mcpu=cortex-m4 -T"C:\Users\mrspa\Documents\RoboFest\demo files\GPS\stm_gps_dma\STM32G431KBTX_FLASH.ld" --specs=nosys.specs -Wl,-Map="stm_gps_dma.map" -Wl,--gc-sections -static --specs=nano.specs -mfpu=fpv4-sp-d16 -mfloat-abi=hard -mthumb -u _printf_float -u _scanf_float -Wl,--start-group -lc -lm -Wl,--end-group
Finished building target: stm_gps_dma.elf
 
arm-none-eabi-size  stm_gps_dma.elf 
arm-none-eabi-objdump -h -S stm_gps_dma.elf  > "stm_gps_dma.list"
   text	   data	    bss	    dec	    hex	filename
  40636	    472	   4024	  45132	   b04c	stm_gps_dma.elf
Finished building: default.size.stdout
 
Finished building: stm_gps_dma.list
 

14:25:29 Build Finished. 0 errors, 0 warnings. (took 752ms)

