18:17:29 **** Incremental Build of configuration Debug for project vl53lox_test ****
make -j8 all 
arm-none-eabi-gcc "../Core/Src/main.c" -mcpu=cortex-m4 -std=gnu11 -g3 -DDEBUG -DUSE_HAL_DRIVER -DSTM32F446xx -c -I../Core/Inc -I../Drivers/STM32F4xx_HAL_Driver/Inc -I../Drivers/STM32F4xx_HAL_Driver/Inc/Legacy -I../Drivers/CMSIS/Device/ST/STM32F4xx/Include -I../Drivers/CMSIS/Include -O0 -ffunction-sections -fdata-sections -Wall -fstack-usage -fcyclomatic-complexity -MMD -MP -MF"Core/Src/main.d" -MT"Core/Src/main.o" --specs=nano.specs -mfpu=fpv4-sp-d16 -mfloat-abi=hard -mthumb -o "Core/Src/main.o"
../Core/Src/main.c: In function 'main':
../Core/Src/main.c:114:38: warning: pointer targets in passing argument 2 of 'HAL_UART_Transmit' differ in signedness [-Wpointer-sign]
  114 |           HAL_UART_Transmit(&huart2, "sensor 1 initialized/n", strlen("sensor 1 initialized"), HAL_MAX_DELAY);
      |                                      ^~~~~~~~~~~~~~~~~~~~~~~~
      |                                      |
      |                                      char *
In file included from ../Core/Inc/stm32f4xx_hal_conf.h:411,
                 from ../Drivers/STM32F4xx_HAL_Driver/Inc/stm32f4xx_hal.h:29,
                 from ../Core/Inc/main.h:30,
                 from ../Core/Src/main.c:20:
../Drivers/STM32F4xx_HAL_Driver/Inc/stm32f4xx_hal_uart.h:745:79: note: expected 'const uint8_t *' {aka 'const unsigned char *'} but argument is of type 'char *'
  745 | HAL_StatusTypeDef HAL_UART_Transmit(UART_HandleTypeDef *huart, const uint8_t *pData, uint16_t Size, uint32_t Timeout);
      |                                                                ~~~~~~~~~~~~~~~^~~~~
../Core/Src/main.c:117:39: warning: pointer targets in passing argument 2 of 'HAL_UART_Transmit' differ in signedness [-Wpointer-sign]
  117 |            HAL_UART_Transmit(&huart2, "error", strlen("error"), HAL_MAX_DELAY);
      |                                       ^~~~~~~
      |                                       |
      |                                       char *
../Drivers/STM32F4xx_HAL_Driver/Inc/stm32f4xx_hal_uart.h:745:79: note: expected 'const uint8_t *' {aka 'const unsigned char *'} but argument is of type 'char *'
  745 | HAL_StatusTypeDef HAL_UART_Transmit(UART_HandleTypeDef *huart, const uint8_t *pData, uint16_t Size, uint32_t Timeout);
      |                                                                ~~~~~~~~~~~~~~~^~~~~
../Core/Src/main.c:128:31: warning: pointer targets in passing argument 2 of 'HAL_UART_Transmit' differ in signedness [-Wpointer-sign]
  128 |    HAL_UART_Transmit(&huart2, "sensor 2 initialized/n", strlen("sensor 2 initialized"), HAL_MAX_DELAY);
      |                               ^~~~~~~~~~~~~~~~~~~~~~~~
      |                               |
      |                               char *
../Drivers/STM32F4xx_HAL_Driver/Inc/stm32f4xx_hal_uart.h:745:79: note: expected 'const uint8_t *' {aka 'const unsigned char *'} but argument is of type 'char *'
  745 | HAL_StatusTypeDef HAL_UART_Transmit(UART_HandleTypeDef *huart, const uint8_t *pData, uint16_t Size, uint32_t Timeout);
      |                                                                ~~~~~~~~~~~~~~~^~~~~
../Core/Src/main.c:131:39: warning: pointer targets in passing argument 2 of 'HAL_UART_Transmit' differ in signedness [-Wpointer-sign]
  131 |            HAL_UART_Transmit(&huart2, "error", strlen("error"), HAL_MAX_DELAY);
      |                                       ^~~~~~~
      |                                       |
      |                                       char *
../Drivers/STM32F4xx_HAL_Driver/Inc/stm32f4xx_hal_uart.h:745:79: note: expected 'const uint8_t *' {aka 'const unsigned char *'} but argument is of type 'char *'
  745 | HAL_StatusTypeDef HAL_UART_Transmit(UART_HandleTypeDef *huart, const uint8_t *pData, uint16_t Size, uint32_t Timeout);
      |                                                                ~~~~~~~~~~~~~~~^~~~~
../Core/Src/main.c:142:31: warning: pointer targets in passing argument 2 of 'HAL_UART_Transmit' differ in signedness [-Wpointer-sign]
  142 |    HAL_UART_Transmit(&huart2, "sensor 3 initialized/n", strlen("sensor 3 initialized"), HAL_MAX_DELAY);
      |                               ^~~~~~~~~~~~~~~~~~~~~~~~
      |                               |
      |                               char *
../Drivers/STM32F4xx_HAL_Driver/Inc/stm32f4xx_hal_uart.h:745:79: note: expected 'const uint8_t *' {aka 'const unsigned char *'} but argument is of type 'char *'
  745 | HAL_StatusTypeDef HAL_UART_Transmit(UART_HandleTypeDef *huart, const uint8_t *pData, uint16_t Size, uint32_t Timeout);
      |                                                                ~~~~~~~~~~~~~~~^~~~~
../Core/Src/main.c:145:39: warning: pointer targets in passing argument 2 of 'HAL_UART_Transmit' differ in signedness [-Wpointer-sign]
  145 |            HAL_UART_Transmit(&huart2, "error", strlen("error"), HAL_MAX_DELAY);
      |                                       ^~~~~~~
      |                                       |
      |                                       char *
../Drivers/STM32F4xx_HAL_Driver/Inc/stm32f4xx_hal_uart.h:745:79: note: expected 'const uint8_t *' {aka 'const unsigned char *'} but argument is of type 'char *'
  745 | HAL_StatusTypeDef HAL_UART_Transmit(UART_HandleTypeDef *huart, const uint8_t *pData, uint16_t Size, uint32_t Timeout);
      |                                                                ~~~~~~~~~~~~~~~^~~~~
../Core/Src/main.c:156:31: warning: pointer targets in passing argument 2 of 'HAL_UART_Transmit' differ in signedness [-Wpointer-sign]
  156 |    HAL_UART_Transmit(&huart2, "sensor 4 initialized/n", strlen("sensor 4 initialized"), HAL_MAX_DELAY);
      |                               ^~~~~~~~~~~~~~~~~~~~~~~~
      |                               |
      |                               char *
../Drivers/STM32F4xx_HAL_Driver/Inc/stm32f4xx_hal_uart.h:745:79: note: expected 'const uint8_t *' {aka 'const unsigned char *'} but argument is of type 'char *'
  745 | HAL_StatusTypeDef HAL_UART_Transmit(UART_HandleTypeDef *huart, const uint8_t *pData, uint16_t Size, uint32_t Timeout);
      |                                                                ~~~~~~~~~~~~~~~^~~~~
../Core/Src/main.c:159:39: warning: pointer targets in passing argument 2 of 'HAL_UART_Transmit' differ in signedness [-Wpointer-sign]
  159 |            HAL_UART_Transmit(&huart2, "error", strlen("error"), HAL_MAX_DELAY);
      |                                       ^~~~~~~
      |                                       |
      |                                       char *
../Drivers/STM32F4xx_HAL_Driver/Inc/stm32f4xx_hal_uart.h:745:79: note: expected 'const uint8_t *' {aka 'const unsigned char *'} but argument is of type 'char *'
  745 | HAL_StatusTypeDef HAL_UART_Transmit(UART_HandleTypeDef *huart, const uint8_t *pData, uint16_t Size, uint32_t Timeout);
      |                                                                ~~~~~~~~~~~~~~~^~~~~
../Core/Src/main.c:170:38: warning: pointer targets in passing argument 2 of 'HAL_UART_Transmit' differ in signedness [-Wpointer-sign]
  170 |           HAL_UART_Transmit(&huart2, "sensor 5 initialized/n", strlen("sensor 5 initialized"), HAL_MAX_DELAY);
      |                                      ^~~~~~~~~~~~~~~~~~~~~~~~
      |                                      |
      |                                      char *
../Drivers/STM32F4xx_HAL_Driver/Inc/stm32f4xx_hal_uart.h:745:79: note: expected 'const uint8_t *' {aka 'const unsigned char *'} but argument is of type 'char *'
  745 | HAL_StatusTypeDef HAL_UART_Transmit(UART_HandleTypeDef *huart, const uint8_t *pData, uint16_t Size, uint32_t Timeout);
      |                                                                ~~~~~~~~~~~~~~~^~~~~
../Core/Src/main.c:173:39: warning: pointer targets in passing argument 2 of 'HAL_UART_Transmit' differ in signedness [-Wpointer-sign]
  173 |            HAL_UART_Transmit(&huart2, "error", strlen("error"), HAL_MAX_DELAY);
      |                                       ^~~~~~~
      |                                       |
      |                                       char *
../Drivers/STM32F4xx_HAL_Driver/Inc/stm32f4xx_hal_uart.h:745:79: note: expected 'const uint8_t *' {aka 'const unsigned char *'} but argument is of type 'char *'
  745 | HAL_StatusTypeDef HAL_UART_Transmit(UART_HandleTypeDef *huart, const uint8_t *pData, uint16_t Size, uint32_t Timeout);
      |                                                                ~~~~~~~~~~~~~~~^~~~~
../Core/Src/main.c:184:31: warning: pointer targets in passing argument 2 of 'HAL_UART_Transmit' differ in signedness [-Wpointer-sign]
  184 |    HAL_UART_Transmit(&huart2, "sensor 6 initialized/n", strlen("sensor 6 initialized"), HAL_MAX_DELAY);
      |                               ^~~~~~~~~~~~~~~~~~~~~~~~
      |                               |
      |                               char *
../Drivers/STM32F4xx_HAL_Driver/Inc/stm32f4xx_hal_uart.h:745:79: note: expected 'const uint8_t *' {aka 'const unsigned char *'} but argument is of type 'char *'
  745 | HAL_StatusTypeDef HAL_UART_Transmit(UART_HandleTypeDef *huart, const uint8_t *pData, uint16_t Size, uint32_t Timeout);
      |                                                                ~~~~~~~~~~~~~~~^~~~~
../Core/Src/main.c:187:39: warning: pointer targets in passing argument 2 of 'HAL_UART_Transmit' differ in signedness [-Wpointer-sign]
  187 |            HAL_UART_Transmit(&huart2, "error", strlen("error"), HAL_MAX_DELAY);
      |                                       ^~~~~~~
      |                                       |
      |                                       char *
../Drivers/STM32F4xx_HAL_Driver/Inc/stm32f4xx_hal_uart.h:745:79: note: expected 'const uint8_t *' {aka 'const unsigned char *'} but argument is of type 'char *'
  745 | HAL_StatusTypeDef HAL_UART_Transmit(UART_HandleTypeDef *huart, const uint8_t *pData, uint16_t Size, uint32_t Timeout);
      |                                                                ~~~~~~~~~~~~~~~^~~~~
../Core/Src/main.c:198:31: warning: pointer targets in passing argument 2 of 'HAL_UART_Transmit' differ in signedness [-Wpointer-sign]
  198 |    HAL_UART_Transmit(&huart2, "sensor 7 initialized/n", strlen("sensor 7 initialized"), HAL_MAX_DELAY);
      |                               ^~~~~~~~~~~~~~~~~~~~~~~~
      |                               |
      |                               char *
../Drivers/STM32F4xx_HAL_Driver/Inc/stm32f4xx_hal_uart.h:745:79: note: expected 'const uint8_t *' {aka 'const unsigned char *'} but argument is of type 'char *'
  745 | HAL_StatusTypeDef HAL_UART_Transmit(UART_HandleTypeDef *huart, const uint8_t *pData, uint16_t Size, uint32_t Timeout);
      |                                                                ~~~~~~~~~~~~~~~^~~~~
../Core/Src/main.c:201:39: warning: pointer targets in passing argument 2 of 'HAL_UART_Transmit' differ in signedness [-Wpointer-sign]
  201 |            HAL_UART_Transmit(&huart2, "error", strlen("error"), HAL_MAX_DELAY);
      |                                       ^~~~~~~
      |                                       |
      |                                       char *
../Drivers/STM32F4xx_HAL_Driver/Inc/stm32f4xx_hal_uart.h:745:79: note: expected 'const uint8_t *' {aka 'const unsigned char *'} but argument is of type 'char *'
  745 | HAL_StatusTypeDef HAL_UART_Transmit(UART_HandleTypeDef *huart, const uint8_t *pData, uint16_t Size, uint32_t Timeout);
      |                                                                ~~~~~~~~~~~~~~~^~~~~
../Core/Src/main.c:212:31: warning: pointer targets in passing argument 2 of 'HAL_UART_Transmit' differ in signedness [-Wpointer-sign]
  212 |    HAL_UART_Transmit(&huart2, "sensor 8 initialized/n", strlen("sensor 8 initialized"), HAL_MAX_DELAY);
      |                               ^~~~~~~~~~~~~~~~~~~~~~~~
      |                               |
      |                               char *
../Drivers/STM32F4xx_HAL_Driver/Inc/stm32f4xx_hal_uart.h:745:79: note: expected 'const uint8_t *' {aka 'const unsigned char *'} but argument is of type 'char *'
  745 | HAL_StatusTypeDef HAL_UART_Transmit(UART_HandleTypeDef *huart, const uint8_t *pData, uint16_t Size, uint32_t Timeout);
      |                                                                ~~~~~~~~~~~~~~~^~~~~
../Core/Src/main.c:215:39: warning: pointer targets in passing argument 2 of 'HAL_UART_Transmit' differ in signedness [-Wpointer-sign]
  215 |            HAL_UART_Transmit(&huart2, "error", strlen("error"), HAL_MAX_DELAY);
      |                                       ^~~~~~~
      |                                       |
      |                                       char *
../Drivers/STM32F4xx_HAL_Driver/Inc/stm32f4xx_hal_uart.h:745:79: note: expected 'const uint8_t *' {aka 'const unsigned char *'} but argument is of type 'char *'
  745 | HAL_StatusTypeDef HAL_UART_Transmit(UART_HandleTypeDef *huart, const uint8_t *pData, uint16_t Size, uint32_t Timeout);
      |                                                                ~~~~~~~~~~~~~~~^~~~~
../Core/Src/main.c:223:4: warning: implicit declaration of function 'setSignalRateLimit_x'; did you mean 'setSignalRateLimit'? [-Wimplicit-function-declaration]
  223 |    setSignalRateLimit_x(2000,&extraStats1);
      |    ^~~~~~~~~~~~~~~~~~~~
      |    setSignalRateLimit
../Core/Src/main.c:232:4: warning: implicit declaration of function 'setVcselPulsePeriod_x'; did you mean 'getVcselPulsePeriod_x'? [-Wimplicit-function-declaration]
  232 |    setVcselPulsePeriod_x(VcselPeriodPreRange, 10, &extraStats1);
      |    ^~~~~~~~~~~~~~~~~~~~~
      |    getVcselPulsePeriod_x
../Core/Src/main.c:287:19: warning: implicit declaration of function 'sprintf' [-Wimplicit-function-declaration]
  287 |                   sprintf(msgBuffer_2, "Distance1: %d\r\n", distance2);
      |                   ^~~~~~~
../Core/Src/main.c:23:1: note: include '<stdio.h>' or provide a declaration of 'sprintf'
   22 | #include "VL53L0X.h"
  +++ |+#include <stdio.h>
   23 | /* Private includes ----------------------------------------------------------*/
../Core/Src/main.c:287:19: warning: incompatible implicit declaration of built-in function 'sprintf' [-Wbuiltin-declaration-mismatch]
  287 |                   sprintf(msgBuffer_2, "Distance1: %d\r\n", distance2);
      |                   ^~~~~~~
../Core/Src/main.c:287:19: note: include '<stdio.h>' or provide a declaration of 'sprintf'
../Core/Src/main.c:283:16: warning: unused variable 'msgBuffer_8' [-Wunused-variable]
  283 |           char msgBuffer_8[52];
      |                ^~~~~~~~~~~
../Core/Src/main.c:282:16: warning: unused variable 'msgBuffer_7' [-Wunused-variable]
  282 |           char msgBuffer_7[52];
      |                ^~~~~~~~~~~
../Core/Src/main.c:281:16: warning: unused variable 'msgBuffer_6' [-Wunused-variable]
  281 |           char msgBuffer_6[52];
      |                ^~~~~~~~~~~
../Core/Src/main.c:280:16: warning: unused variable 'msgBuffer_5' [-Wunused-variable]
  280 |           char msgBuffer_5[52];
      |                ^~~~~~~~~~~
../Core/Src/main.c:279:16: warning: unused variable 'msgBuffer_4' [-Wunused-variable]
  279 |           char msgBuffer_4[52];
      |                ^~~~~~~~~~~
../Core/Src/main.c:278:16: warning: unused variable 'msgBuffer_3' [-Wunused-variable]
  278 |           char msgBuffer_3[52];
      |                ^~~~~~~~~~~
../Core/Src/main.c:276:16: warning: unused variable 'msgBuffer_1' [-Wunused-variable]
  276 |           char msgBuffer_1[52];
      |                ^~~~~~~~~~~
../Core/Src/main.c:268:18: warning: unused variable 'distance8' [-Wunused-variable]
  268 |         uint16_t distance8;
      |                  ^~~~~~~~~
../Core/Src/main.c:267:18: warning: unused variable 'distance7' [-Wunused-variable]
  267 |         uint16_t distance7;
      |                  ^~~~~~~~~
../Core/Src/main.c:266:18: warning: unused variable 'distance6' [-Wunused-variable]
  266 |         uint16_t distance6;
      |                  ^~~~~~~~~
../Core/Src/main.c:265:18: warning: unused variable 'distance5' [-Wunused-variable]
  265 |         uint16_t distance5;
      |                  ^~~~~~~~~
../Core/Src/main.c:264:18: warning: unused variable 'distance4' [-Wunused-variable]
  264 |         uint16_t distance4;
      |                  ^~~~~~~~~
../Core/Src/main.c:263:18: warning: unused variable 'distance3' [-Wunused-variable]
  263 |         uint16_t distance3;
      |                  ^~~~~~~~~
../Core/Src/main.c:261:18: warning: unused variable 'distance1' [-Wunused-variable]
  261 |         uint16_t distance1;
      |                  ^~~~~~~~~
arm-none-eabi-gcc -o "vl53lox_test.elf" @"objects.list"   -mcpu=cortex-m4 -T"C:\Users\mrspa\Documents\RoboFest\demo files\VL53LOX\vl53lox_test\STM32F446RETX_FLASH.ld" --specs=nosys.specs -Wl,-Map="vl53lox_test.map" -Wl,--gc-sections -static --specs=nano.specs -mfpu=fpv4-sp-d16 -mfloat-abi=hard -mthumb -Wl,--start-group -lc -lm -Wl,--end-group
Finished building target: vl53lox_test.elf
 
arm-none-eabi-size  vl53lox_test.elf 
arm-none-eabi-objdump -h -S vl53lox_test.elf  > "vl53lox_test.list"
   text	   data	    bss	    dec	    hex	filename
  25496	     96	   2344	  27936	   6d20	vl53lox_test.elf
Finished building: default.size.stdout
 
Finished building: vl53lox_test.list
 

18:17:30 Build Finished. 0 errors, 34 warnings. (took 966ms)

