../Core/Src/main.c:102:5:main	64	static
../Core/Src/main.c:236:6:SystemClock_Config	88	static
../Core/Src/main.c:291:13:MX_CAN1_Init	8	static
../Core/Src/main.c:328:13:MX_SPI2_Init	8	static
../Core/Src/main.c:366:13:MX_SPI3_Init	8	static
../Core/Src/main.c:404:13:MX_UART5_Init	8	static
../Core/Src/main.c:437:13:MX_USART2_UART_Init	8	static
../Core/Src/main.c:468:13:MX_DMA_Init	16	static
../Core/Src/main.c:486:13:MX_GPIO_Init	48	static
../Core/Src/main.c:546:6:Error_Handler	4	static,ignoring_inline_asm
