../Core/Src/uartRingBuffer.c:42:6:Ringbuf_init	4	static
../Core/Src/uartRingBuffer.c:54:6:store_char	24	static
../Core/Src/uartRingBuffer.c:70:12:check_for	32	static
../Core/Src/uartRingBuffer.c:103:5:Uart_read	16	static
../Core/Src/uartRingBuffer.c:120:6:Uart_write	24	static
../Core/Src/uartRingBuffer.c:136:5:IsDataAvailable	4	static
../Core/Src/uartRingBuffer.c:143:6:Uart_sendstring	16	static
../Core/Src/uartRingBuffer.c:148:6:GetDataFromBuffer	56	static
../Core/Src/uartRingBuffer.c:205:6:Uart_flush	8	static
../Core/Src/uartRingBuffer.c:212:5:Uart_peek	4	static
../Core/Src/uartRingBuffer.c:230:5:Copy_upto	32	static
../Core/Src/uartRingBuffer.c:268:5:Get_after	32	static
../Core/Src/uartRingBuffer.c:284:5:Wait_for	24	static
../Core/Src/uartRingBuffer.c:329:6:Uart_isr	32	static
