C:/Users/mrspa/Documents/motor/Src/stm32g4xx_hal_msp.c:68:6:HAL_MspInit	16	static
C:/Users/mrspa/Documents/motor/Src/stm32g4xx_hal_msp.c:99:6:HAL_ADC_MspInit	120	static
C:/Users/mrspa/Documents/motor/Src/stm32g4xx_hal_msp.c:190:6:HAL_ADC_MspDeInit	8	static
C:/Users/mrspa/Documents/motor/Src/stm32g4xx_hal_msp.c:265:6:HAL_COMP_MspInit	48	static
C:/Users/mrspa/Documents/motor/Src/stm32g4xx_hal_msp.c:334:6:HAL_COMP_MspDeInit	0	static
C:/Users/mrspa/Documents/motor/Src/stm32g4xx_hal_msp.c:390:6:HAL_CORDIC_MspInit	8	static
C:/Users/mrspa/Documents/motor/Src/stm32g4xx_hal_msp.c:413:6:HAL_CORDIC_MspDeInit	0	static
C:/Users/mrspa/Documents/motor/Src/stm32g4xx_hal_msp.c:435:6:HAL_DAC_MspInit	8	static
C:/Users/mrspa/Documents/motor/Src/stm32g4xx_hal_msp.c:458:6:HAL_DAC_MspDeInit	0	static
C:/Users/mrspa/Documents/motor/Src/stm32g4xx_hal_msp.c:480:6:HAL_OPAMP_MspInit	48	static
C:/Users/mrspa/Documents/motor/Src/stm32g4xx_hal_msp.c:555:6:HAL_OPAMP_MspDeInit	0	static
C:/Users/mrspa/Documents/motor/Src/stm32g4xx_hal_msp.c:617:6:HAL_TIM_PWM_MspInit	8	static
C:/Users/mrspa/Documents/motor/Src/stm32g4xx_hal_msp.c:634:6:HAL_TIM_MspPostInit	56	static
C:/Users/mrspa/Documents/motor/Src/stm32g4xx_hal_msp.c:687:6:HAL_TIM_PWM_MspDeInit	8	static
C:/Users/mrspa/Documents/motor/Src/stm32g4xx_hal_msp.c:713:6:HAL_UART_MspInit	112	static
C:/Users/mrspa/Documents/motor/Src/stm32g4xx_hal_msp.c:796:6:HAL_UART_MspDeInit	8	static
