../Core/Src/main.c:85:5:main	8	static
../Core/Src/main.c:138:6:SystemClock_Config	88	static
../Core/Src/main.c:185:13:MX_FDCAN1_Init	8	static
../Core/Src/main.c:228:13:MX_USART1_UART_Init	8	static
../Core/Src/main.c:276:13:MX_USART2_UART_Init	8	static
../Core/Src/main.c:322:13:MX_DMA_Init	16	static
../Core/Src/main.c:341:13:MX_GPIO_Init	16	static
../Core/Src/main.c:355:6:HAL_UART_RxCpltCallback	16	static
../Core/Src/main.c:358:6:get_location	16	static
../Core/Src/main.c:383:6:Format_data	168	static
../Core/Src/main.c:426:6:Error_Handler	4	static,ignoring_inline_asm
