../Core/Src/main.c:95:5:main	8	static
../Core/Src/main.c:155:6:extract_and_sum_data	120	static
../Core/Src/main.c:228:6:channel_value	464	static
../Core/Src/main.c:389:6:SystemClock_Config	88	static
../Core/Src/main.c:432:6:print_buffer	32	static
../Core/Src/main.c:457:6:copy_buffer	32	static
../Core/Src/main.c:499:13:MX_USART1_UART_Init	16	static
../Core/Src/main.c:537:13:MX_USART2_UART_Init	8	static
../Core/Src/main.c:568:13:MX_DMA_Init	16	static
../Core/Src/main.c:586:13:MX_GPIO_Init	48	static
../Core/Src/main.c:626:6:Error_Handler	4	static,ignoring_inline_asm
