C:/Users/mrspa/Documents/motor_workbench/d1/Src/stm32g4xx_hal_msp.c:68:6:HAL_MspInit	16	static
C:/Users/mrspa/Documents/motor_workbench/d1/Src/stm32g4xx_hal_msp.c:99:6:HAL_ADC_MspInit	120	static
C:/Users/mrspa/Documents/motor_workbench/d1/Src/stm32g4xx_hal_msp.c:189:6:HAL_ADC_MspDeInit	8	static
C:/Users/mrspa/Documents/motor_workbench/d1/Src/stm32g4xx_hal_msp.c:263:6:HAL_COMP_MspInit	48	static
C:/Users/mrspa/Documents/motor_workbench/d1/Src/stm32g4xx_hal_msp.c:332:6:HAL_COMP_MspDeInit	0	static
C:/Users/mrspa/Documents/motor_workbench/d1/Src/stm32g4xx_hal_msp.c:388:6:HAL_CORDIC_MspInit	8	static
C:/Users/mrspa/Documents/motor_workbench/d1/Src/stm32g4xx_hal_msp.c:411:6:HAL_CORDIC_MspDeInit	0	static
C:/Users/mrspa/Documents/motor_workbench/d1/Src/stm32g4xx_hal_msp.c:433:6:HAL_DAC_MspInit	8	static
C:/Users/mrspa/Documents/motor_workbench/d1/Src/stm32g4xx_hal_msp.c:456:6:HAL_DAC_MspDeInit	0	static
C:/Users/mrspa/Documents/motor_workbench/d1/Src/stm32g4xx_hal_msp.c:478:6:HAL_FDCAN_MspInit	120	static
C:/Users/mrspa/Documents/motor_workbench/d1/Src/stm32g4xx_hal_msp.c:539:6:HAL_FDCAN_MspDeInit	8	static
C:/Users/mrspa/Documents/motor_workbench/d1/Src/stm32g4xx_hal_msp.c:573:6:HAL_OPAMP_MspInit	48	static
C:/Users/mrspa/Documents/motor_workbench/d1/Src/stm32g4xx_hal_msp.c:648:6:HAL_OPAMP_MspDeInit	0	static
C:/Users/mrspa/Documents/motor_workbench/d1/Src/stm32g4xx_hal_msp.c:710:6:HAL_TIM_PWM_MspInit	8	static
C:/Users/mrspa/Documents/motor_workbench/d1/Src/stm32g4xx_hal_msp.c:733:6:HAL_TIM_Base_MspInit	40	static
C:/Users/mrspa/Documents/motor_workbench/d1/Src/stm32g4xx_hal_msp.c:763:6:HAL_TIM_MspPostInit	56	static
C:/Users/mrspa/Documents/motor_workbench/d1/Src/stm32g4xx_hal_msp.c:816:6:HAL_TIM_PWM_MspDeInit	0	static
C:/Users/mrspa/Documents/motor_workbench/d1/Src/stm32g4xx_hal_msp.c:849:6:HAL_TIM_Base_MspDeInit	0	static
C:/Users/mrspa/Documents/motor_workbench/d1/Src/stm32g4xx_hal_msp.c:886:6:HAL_UART_MspInit	112	static
C:/Users/mrspa/Documents/motor_workbench/d1/Src/stm32g4xx_hal_msp.c:969:6:HAL_UART_MspDeInit	8	static
