../Core/Src/ili9341.c:7:13:ILI9341_Select	8	static
../Core/Src/ili9341.c:11:6:ILI9341_Unselect	8	static
../Core/Src/ili9341.c:15:13:ILI9341_Reset	8	static
../Core/Src/ili9341.c:21:13:ILI9341_WriteCommand	16	static
../Core/Src/ili9341.c:27:22:DelayUs	16	static
../Core/Src/ili9341.c:33:13:ILI9341_WriteData	24	static
../Core/Src/ili9341.c:46:13:ILI9341_SetAddressWindow	32	static
../Core/Src/ili9341.c:65:6:ILI9341_Init	120	static
../Core/Src/ili9341.c:220:6:ILI9341_DrawPixel	24	static
../Core/Src/ili9341.c:233:13:ILI9341_WriteChar	48	static
../Core/Src/ili9341.c:252:6:ILI9341_WriteString	32	static
../Core/Src/ili9341.c:278:6:ILI9341_FillRectangle	32	static
../Core/Src/ili9341.c:298:6:ILI9341_FillScreen	24	static
../Core/Src/ili9341.c:302:6:ILI9341_DrawImage	24	static
../Core/Src/ili9341.c:313:13:ILI9341_SPI_TxBuffer	16	static
../Core/Src/ili9341.c:320:6:ILI9341_WriteBuffer	16	static
../Core/Src/ili9341.c:329:6:ILI9341_DrawImage1	24	static
../Core/Src/ili9341.c:364:6:ILI9341_InvertColors	16	static
../Core/Src/ili9341.c:372:6:LCD_Char	56	static
../Core/Src/ili9341.c:404:6:LCD_Font	72	static
